---
source: crates/phux-tui/src/render/chrome/sidebar.rs
expression: "strip_text(&p, rect)"
---
 Agents                  │
   —                     │
                         │
                         │
                         │
                         │
                         │
                         │
 Sessions              3 │
 mini               here │
 ○ development           │
   ● phux           main │
 ◐ feat-auth          ◐1 │
 devbox                  │
 ○ prod-3             ?2 │
                         │
                         │
 + new window            ‹
