---
source: crates/phux-tui/src/render/chrome/sidebar.rs
expression: "strip_text(&p, rect)"
---
 Agents                  │
 ● phux blocked - codex  │
                         │
                         │
 Sessions                │
 ○ development           │
   on mini               │
 +1 sessions, +2 windows │
 + new window            │
 = commands              ‹
