---
source: crates/phux-tui/src/render/chrome/sidebar.rs
assertion_line: 2575
expression: "strip_text(&p, rect)"
---
 Agents                1 │
 ● phux            codex │
                         │
                         │
 Sessions              2 │
 ○ development           │
   mini                  │
   ● phux           main │
 +1 sessions, +1 windows │
 + new window            ‹
