---
source: crates/phux-tui/src/render/chrome/sidebar.rs
expression: "strip_text(&p, rect)"
---
 Agents                  │
 ● phux codex            │
                         │
                         │
 Sessions                │
 ○ development           │
   mini                  │
   ● phux main           │
 +1 sessions, +1 windows │
 + new window            ‹
