---
source: crates/phux-tui/src/render/chrome/sidebar.rs
assertion_line: 2525
expression: "strip_text(&p, rect)"
---
 Agents                  │
   —                     │
                         │
                         │
                         │
                         │
                         │
                         │
 Sessions              3 │
 ○ development           │
   mini                  │
   ● phux           main │
 ◐ feat-auth          ◐1 │
   mini                  │
 ○ prod-3             ?2 │
   devbox                │
                         │
 + new window            ‹
