---
source: crates/phux-client/src/render/chrome/sidebar.rs
expression: "strip_text(&p, rect)"
---
 needs you               │
 ● phux blocked - codex  │
 ● feat-auth claude      │
 ◐ wave-0 claude         │
 ◐ wave-1 claude         │
 ◐ wave-2 claude         │
   +2 more               │
                         │
 here                    │
 ● phux                  │
   main                  │
                         │
 spaces                  │
 ● feat-auth          !1 │
                         │
                         │
 + new                   │
 = menu                  ‹
