---
source: crates/phux-tui/src/render/overlay/settings.rs
expression: "render_text(&page, 100, 24)"
---


          ┌────────────────────────────────── settings ──────────────────────────────────┐
          │> accent                                            ~/.config/phux/config.toml│
          │                                                                              │
          │ Defaults       3 │ • theme.accent                         ██ #ff0000      you█
          │ Keybindings      │   theme.title                          ██ #bef264  default█
          │ Status bar       │   theme.action                           ██ reset  default█
          │ Sidebar          │   defaults.cwd-inheritance        inherit-focused  default█
          │ Chrome           │   voice.transcriber                         unset  default│
          │ Theme          3 │   defaults.spawn-on-attach                  unset  default│
          │──────────────────────────────────────────────────────────────────────────────│
          │theme.accent  color: name, #rrggbb, or 0-255                                  │
          │Modal titles, query caret, active tab fill                                    │
          │The one hue that says this is phux talking: modal titles, the palette's query │
          │caret, the active window tab's fill, and the focused pane's frame.            │
          │default █ #bef264  ·  set in your config  ·  applies now (reloaded)           │
          │                                                                              │
          │                                                                              │
          │Enter edit  ·  ←/→ step  ·  Del reset  ·  C-z undo  ·  Tab section            │
          └──────────────────────────────────────────────────────────────────────────────┘
