---
source: crates/phux-tui/src/render/overlay/settings.rs
expression: text
---
┌──────────────────────── Settings ────────────────────────┐
│> filter…                       ~/.config/phux/config.toml│
│                                                          │
│Keybindings                                               │
│  prefix                                      C-a  default│
│  which-key                                  true  default│
│  which-key-delay-ms                          400  default│
│                                                          │
│                                                          │
│                                                          │
│──────────────────────────────────────────────────────────│
│keybindings.which-key  bool                               │
│Show the which-key popup after the prefix                 │
│                                                          │
│Enter edit  ·  ←/→ step  ·  Del reset  ·  C-z undo        │
└──────────────────────────────────────────────────────────┘
