---
source: crates/phux-tui/src/render/overlay/select_list.rs
expression: out
---






                    ┌──────────────────── command palette ─────────────────────┐
                    │ >                                                        │
                    │                                                          │
                    │ split-pane                                         C-a | │
                    │ new-window                                         C-a c │
                    │ detach                                             C-a d │
                    │                                                          │
                    │                                                          │
                    │                                                          │
                    │                                                          │
                    │                                                          │
                    │                                                          │
                    │                                                          │
                    │                                                          │
                    │                                                          │
                    │                                                          │
                    │                                                          │
                    └──────────────────────────────────────────────────────────┘
