---
source: crates/phux-tui/src/attach/driver/tests.rs
assertion_line: 1889
expression: "rows.iter().map(|r| r.trim_end()).collect::<Vec<_>>().join(\"\\n\")"
---
 Agents            ├────────────────────────────────────────────────────────────
   —               │PANE-BASE
                   │
                   │
                   │
                   │
                   │
                   │┌ command palette ─────────────────────────────────────────┐
                   ││ >                                                        │
                   ││ detach                                                   │
                   ││ new-window                                               │
 Sessions        1 ││                                                          │
 ○ probe           ││                                                          │
   probe-host      ││                                                          │
   ● w1-agent      ││                                                          │
                   ││                                                          │
                   ││                                                          │
                   │└──────────────────────────────────────────────────────────┘
                   │
                   │
                   │
                   │
                   │
 + new window      ‹
