---
source: crates/phux-tui/src/attach/driver/tests.rs
expression: "rows.iter().map(|r| r.trim_end()).collect::<Vec<_>>().join(\"\\n\")"
---
 Agents            │────────────────────────────────────────────────────────────
   none running y… │PANE-BASE
                   │
                   │
                   │
                   │
                   │
                   │┌──────────────────── command palette ─────────────────────┐
                   ││ >                                                        │
                   ││                                                          │
                   ││ detach                                                   │
 Sessions          ││ new-window                                               │
 ○ probe           ││                                                          │
   on probe-host   ││                                                          │
   ● w1-agent      ││                                                          │
                   ││                                                          │
                   ││                                                          │
                   │└──────────────────────────────────────────────────────────┘
                   │
                   │
                   │
                   │
                   │
 + new window      ‹
